
> the-workout-tracker@ verify <worktree>
> pnpm format:check && pnpm lint && pnpm build && pnpm test:unit && pnpm test:browser && pnpm test:e2e


> the-workout-tracker@ format:check <worktree>
> prettier --check .

Checking formatting...
All matched files use Prettier code style!

> the-workout-tracker@ lint <worktree>
> pnpm check:boundaries && pnpm check:architecture && pnpm -r lint


> the-workout-tracker@ check:boundaries <worktree>
> node --test scripts/check-boundaries.test.mjs && node scripts/check-boundaries.mjs

TAP version 13
# Subtest: allows public exports and local imports
ok 1 - allows public exports and local imports
  ---
  duration_ms: 0.705167
  type: 'test'
  ...
# Subtest: rejects cross-workspace paths, deep imports and undeclared dependencies
ok 2 - rejects cross-workspace paths, deep imports and undeclared dependencies
  ---
  duration_ms: 0.161042
  type: 'test'
  ...
# Subtest: UI cannot depend on the application even when declared
ok 3 - UI cannot depend on the application even when declared
  ---
  duration_ms: 0.099625
  type: 'test'
  ...
# Subtest: extracts imports from scripts, Vue and CSS including dynamic and type imports
ok 4 - extracts imports from scripts, Vue and CSS including dynamic and type imports
  ---
  duration_ms: 5.415167
  type: 'test'
  ...
1..4
# tests 4
# suites 0
# pass 4
# fail 0
# cancelled 0
# skipped 0
# todo 0
# duration_ms 254.737083
Package boundaries verified for 3 workspaces.

> the-workout-tracker@ check:architecture <worktree>
> pnpm test:architecture && node scripts/check-architecture.mjs


> the-workout-tracker@ test:architecture <worktree>
> node --test scripts/check-architecture.test.mjs

TAP version 13
# Subtest: layer matrix rejects SDKs, reverse imports, and re-export leaks
ok 1 - layer matrix rejects SDKs, reverse imports, and re-export leaks
  ---
  duration_ms: 22.26475
  type: 'test'
  ...
# Subtest: ports reject every supported runtime loading form and preserve type-only forms
ok 2 - ports reject every supported runtime loading form and preserve type-only forms
  ---
  duration_ms: 5.433875
  type: 'test'
  ...
# Subtest: feature roles and import.meta cannot bypass import boundaries
ok 3 - feature roles and import.meta cannot bypass import boundaries
  ---
  duration_ms: 4.36125
  type: 'test'
  ...
# Subtest: permitted dependency directions remain usable
ok 4 - permitted dependency directions remain usable
  ---
  duration_ms: 3.499958
  type: 'test'
  ...
# Subtest: cross-feature dependencies require public entry and explicit acyclic allowlist
ok 5 - cross-feature dependencies require public entry and explicit acyclic allowlist
  ---
  duration_ms: 0.672042
  type: 'test'
  ...
# Subtest: ambient effects include aliases but distinguish scoped names and ordinary properties
ok 6 - ambient effects include aliases but distinguish scoped names and ordinary properties
  ---
  duration_ms: 6.835166
  type: 'test'
  ...
# Subtest: configured aliases cannot bypass the same matrix
ok 7 - configured aliases cannot bypass the same matrix
  ---
  duration_ms: 4.591042
  type: 'test'
  ...
# Subtest: installed Oxlint loads the real plugin for TypeScript and Vue; standalone check ignores disables
ok 8 - installed Oxlint loads the real plugin for TypeScript and Vue; standalone check ignores disables
  ---
  duration_ms: 3735.519625
  type: 'test'
  ...
1..8
# tests 8
# suites 0
# pass 8
# fail 0
# cancelled 0
# skipped 0
# todo 0
# duration_ms 4023.5775
Feature architecture verified.
Scope: 3 of 4 workspace projects
packages/ui lint$ oxlint src test --deny-warnings
packages/ui lint: Done
apps/ui-gallery lint$ oxlint src --deny-warnings
apps/workout lint$ oxlint src test --deny-warnings
apps/ui-gallery lint: Done
apps/workout lint: Done

> the-workout-tracker@ build <worktree>
> pnpm typecheck && pnpm --filter @form/workout build && pnpm --filter @form/ui-gallery build


> the-workout-tracker@ typecheck <worktree>
> pnpm -r typecheck

Scope: 3 of 4 workspace projects
packages/ui typecheck$ vue-tsc --noEmit
packages/ui typecheck: Done
apps/ui-gallery typecheck$ vue-tsc --noEmit
apps/workout typecheck$ vue-tsc --noEmit
apps/ui-gallery typecheck: Done
apps/workout typecheck: Done

> @form/workout@0.1.0 build <worktree>/apps/workout
> vue-tsc --noEmit && vite build

vite v8.3.2 building client environment for production...
transforming...
✓ 2651 modules transformed.
rendering chunks...
computing gzip size...
dist/manifest.webmanifest                                    0.53 kB
dist/index.html                                              0.99 kB │ gzip:   0.46 kB
dist/assets/inter-vietnamese-wght-normal-CBcvBZtf.woff2     10.25 kB
dist/assets/inter-greek-ext-wght-normal-DlzME5K_.woff2      11.23 kB
dist/assets/inter-cyrillic-wght-normal-DqGufNeO.woff2       18.74 kB
dist/assets/inter-greek-wght-normal-CkhJZR-_.woff2          18.99 kB
dist/assets/inter-cyrillic-ext-wght-normal-BOeWTOD4.woff2   25.96 kB
dist/assets/inter-latin-wght-normal-Dx4kXJAl.woff2          48.25 kB
dist/assets/inter-latin-ext-wght-normal-DO1Apj_S.woff2      85.06 kB
dist/assets/index-C8Cfge8I.css                              41.37 kB │ gzip:   9.10 kB
dist/assets/workbox-window.prod.es5-Bd17z0YL.js              5.65 kB │ gzip:   2.20 kB
dist/assets/index-5NSHEBl4.js                              411.03 kB │ gzip: 134.57 kB

✓ built in 337ms

PWA v2.0.0
mode      generateSW
precache  22 entries (700.10 KiB)
files generated
  dist/sw.js
  dist/workbox-9c191d2f.js

> @form/ui-gallery@0.1.0 build <worktree>/apps/ui-gallery
> vue-tsc --noEmit && vite build

vite v8.3.2 building client environment for production...
transforming...
✓ 2537 modules transformed.
rendering chunks...
computing gzip size...
dist/index.html                                             0.41 kB │ gzip:  0.28 kB
dist/assets/inter-vietnamese-400-normal-DMkecbls.woff2      4.97 kB
dist/assets/inter-vietnamese-600-normal-Cc8MFFhd.woff2      5.10 kB
dist/assets/inter-vietnamese-500-normal-DOriooB6.woff2      5.11 kB
dist/assets/inter-greek-ext-400-normal-DGGRlc-M.woff2       5.26 kB
dist/assets/inter-greek-ext-500-normal-C4iEst2y.woff2       5.42 kB
dist/assets/inter-greek-ext-600-normal-DRtmH8MT.woff2       5.43 kB
dist/assets/inter-vietnamese-400-normal-Bbgyi5SW.woff       6.50 kB
dist/assets/inter-vietnamese-500-normal-mJboJaSs.woff       6.59 kB
dist/assets/inter-vietnamese-600-normal-BuLX-rYi.woff       6.64 kB
dist/assets/inter-greek-ext-400-normal-KugGGMne.woff        7.06 kB
dist/assets/inter-greek-ext-500-normal-2j5mBUwD.woff        7.19 kB
dist/assets/inter-greek-ext-600-normal-B8X0CLgF.woff        7.21 kB
dist/assets/inter-cyrillic-400-normal-obahsSVq.woff2        7.71 kB
dist/assets/inter-greek-400-normal-B4URO6DV.woff2           7.77 kB
dist/assets/inter-cyrillic-500-normal-BasfLYem.woff2        7.90 kB
dist/assets/inter-greek-500-normal-BIZE56-Y.woff2           7.92 kB
dist/assets/inter-greek-600-normal-plRanbMR.woff2           7.94 kB
dist/assets/inter-cyrillic-600-normal-CWCymEST.woff2        7.97 kB
dist/assets/inter-cyrillic-400-normal-HOLc17fK.woff         9.78 kB
dist/assets/inter-greek-400-normal-q2sYcFCs.woff            9.92 kB
dist/assets/inter-cyrillic-600-normal-4D_pXhcN.woff         9.93 kB
dist/assets/inter-cyrillic-500-normal-CxZf_p3X.woff         9.94 kB
dist/assets/inter-greek-500-normal-Xzm54t5V.woff            9.98 kB
dist/assets/inter-greek-600-normal-BZpKdvQh.woff           10.03 kB
dist/assets/inter-cyrillic-ext-400-normal-BQZuk6qB.woff2   10.23 kB
dist/assets/inter-cyrillic-ext-500-normal-B0yAr1jD.woff2   10.43 kB
dist/assets/inter-cyrillic-ext-600-normal-Dfes3d0z.woff2   10.48 kB
dist/assets/inter-cyrillic-ext-400-normal-DQukG94-.woff    13.33 kB
dist/assets/inter-cyrillic-ext-500-normal-BmqWE9Dz.woff    13.45 kB
dist/assets/inter-cyrillic-ext-600-normal-Bcila6Z-.woff    13.46 kB
dist/assets/inter-latin-400-normal-C38fXH4l.woff2          23.66 kB
dist/assets/inter-latin-500-normal-Cerq10X2.woff2          24.27 kB
dist/assets/inter-latin-600-normal-LgqL8muc.woff2          24.45 kB
dist/assets/inter-latin-400-normal-CyCys3Eg.woff           30.69 kB
dist/assets/inter-latin-600-normal-CiBQ2DWP.woff           31.26 kB
dist/assets/inter-latin-500-normal-BL9OpVg8.woff           31.28 kB
dist/assets/inter-latin-ext-400-normal-C1nco2VV.woff2      35.00 kB
dist/assets/inter-latin-ext-500-normal-CV4jyFjo.woff2      36.02 kB
dist/assets/inter-latin-ext-600-normal-D2bJ5OIk.woff2      36.26 kB
dist/assets/inter-latin-ext-400-normal-77YHD8bZ.woff       47.56 kB
dist/assets/inter-latin-ext-500-normal-BxGbmqWO.woff       48.49 kB
dist/assets/inter-latin-ext-600-normal-CIVaiw4L.woff       48.66 kB
dist/assets/index-CJWQjd_B.css                             20.78 kB │ gzip:  4.21 kB
dist/assets/index-iyr3Uje1.js                             158.88 kB │ gzip: 56.36 kB

✓ built in 241ms

> the-workout-tracker@ test:unit <worktree>
> pnpm --filter @form/workout test:unit


> @form/workout@0.1.0 test:unit <worktree>/apps/workout
> vitest run --project unit


 RUN  v5.0.3 <worktree>/apps/workout


 Test Files  4 passed (4)
      Tests  30 passed (30)
   Start at  11:03:38
   Duration  150ms (transform 42%, import 39%, tests 17%, worker 3%)


> the-workout-tracker@ test:browser <worktree>
> pnpm -r --workspace-concurrency=1 test:browser

Scope: 3 of 4 workspace projects

> @form/ui@0.1.0 test:browser <worktree>/packages/ui
> vitest run


 RUN  v5.0.3 <worktree>/packages/ui


 Test Files  8 passed (8)
      Tests  39 passed (39)
   Start at  11:03:39
   Duration  7.67s (tests 71%, import 23%, worker 5%)


> @form/workout@0.1.0 test:browser <worktree>/apps/workout
> vitest run --project browser


 RUN  v5.0.3 <worktree>/apps/workout


 Test Files  6 passed (6)
      Tests  30 passed (30)
   Start at  11:03:47
   Duration  1.39s (tests 41%, import 30%, worker 29%)


> the-workout-tracker@ test:e2e <worktree>
> pnpm --filter @form/workout test:e2e


> @form/workout@0.1.0 test:e2e <worktree>/apps/workout
> bddgen && playwright test

[WebServer] (node:99126) Warning: The 'NO_COLOR' env is ignored due to the 'FORCE_COLOR' env being set.
[WebServer] (Use `node --trace-warnings ...` to show where the warning was created)
[WebServer] (node:99133) Warning: The 'NO_COLOR' env is ignored due to the 'FORCE_COLOR' env being set.
[WebServer] (Use `node --trace-warnings ...` to show where the warning was created)

Running 20 tests using 2 workers

(node:99139) Warning: The 'NO_COLOR' env is ignored due to the 'FORCE_COLOR' env being set.
(Use `node --trace-warnings ...` to show where the warning was created)
(node:99140) Warning: The 'NO_COLOR' env is ignored due to the 'FORCE_COLOR' env being set.
(Use `node --trace-warnings ...` to show where the warning was created)
  ✓   1 [chromium] › .test-generated/test/e2e/workout.feature.spec.js:6:3 › A private training journal › Log and recover a workout offline (1.2s)
  ✓   2 [mobile] › .test-generated/test/e2e/workout.feature.spec.js:6:3 › A private training journal › Log and recover a workout offline (1.3s)
  ✓   3 [chromium] › .test-generated/test/e2e/workout.feature.spec.js:14:3 › A private training journal › Make a routine and move a backup to a fresh browser (1.2s)
  ✓   4 [mobile] › .test-generated/test/e2e/workout.feature.spec.js:14:3 › A private training journal › Make a routine and move a backup to a fresh browser (1.3s)
  ✓   5 [chromium] › .test-generated/test/e2e/workout.feature.spec.js:21:3 › A private training journal › Discard a workout without inventing history (657ms)
  ✓   6 [mobile] › .test-generated/test/e2e/workout.feature.spec.js:21:3 › A private training journal › Discard a workout without inventing history (802ms)
  ✓   7 [chromium] › .test-generated/test/e2e/workout.feature.spec.js:27:3 › A private training journal › A stale draft cannot overwrite another tab (731ms)
  ✓   8 [mobile] › .test-generated/test/e2e/workout.feature.spec.js:27:3 › A private training journal › A stale draft cannot overwrite another tab (850ms)
  ✓   9 [chromium] › .test-generated/test/e2e/workout.feature.spec.js:33:3 › A private training journal › Train with a custom exercise entirely offline (973ms)
  ✓  11 [chromium] › .test-generated/test/e2e/workout.feature.spec.js:39:3 › A private training journal › Install the app from its published project path (235ms)
  ✓  10 [mobile] › .test-generated/test/e2e/workout.feature.spec.js:33:3 › A private training journal › Train with a custom exercise entirely offline (1.1s)
  ✓  13 [mobile] › .test-generated/test/e2e/workout.feature.spec.js:39:3 › A private training journal › Install the app from its published project path (340ms)
  ✓  12 [chromium] › .test-generated/test/e2e/workout.feature.spec.js:44:3 › A private training journal › Recover unfinished inputs without logging them (759ms)
  ✓  15 [chromium] › .test-generated/test/e2e/workout.feature.spec.js:50:3 › A private training journal › Complete and undo a set from the mobile training controls (694ms)
  ✓  14 [mobile] › .test-generated/test/e2e/workout.feature.spec.js:44:3 › A private training journal › Recover unfinished inputs without logging them (809ms)
  ✓  16 [chromium] › .test-generated/test/e2e/workout.feature.spec.js:56:3 › A private training journal › Recovered drafts require review after another tab changes the workout (727ms)
  ✓  17 [mobile] › .test-generated/test/e2e/workout.feature.spec.js:50:3 › A private training journal › Complete and undo a set from the mobile training controls (757ms)
  ✓  18 [chromium] › .test-generated/test/e2e/workout.feature.spec.js:62:3 › A private training journal › Training controls distinguish an empty and a completed workout (745ms)
  ✓  19 [mobile] › .test-generated/test/e2e/workout.feature.spec.js:56:3 › A private training journal › Recovered drafts require review after another tab changes the workout (910ms)
  ✓  20 [mobile] › .test-generated/test/e2e/workout.feature.spec.js:62:3 › A private training journal › Training controls distinguish an empty and a completed workout (794ms)

  20 passed (9.8s)
