
> form-workout@0.1.0 build /Users/alexanderopalic/Projects/active/form-workout
> vue-tsc --noEmit && vite build

vite v8.3.2 building client environment for production...
transforming...
✓ 2606 modules transformed.
rendering chunks...
computing gzip size...
dist/manifest.webmanifest                                    0.46 kB
dist/index.html                                              0.78 kB │ gzip:   0.44 kB
dist/assets/inter-vietnamese-wght-normal-CBcvBZtf.woff2     10.25 kB
dist/assets/inter-greek-ext-wght-normal-DlzME5K_.woff2      11.23 kB
dist/assets/inter-cyrillic-wght-normal-DqGufNeO.woff2       18.74 kB
dist/assets/inter-greek-wght-normal-CkhJZR-_.woff2          18.99 kB
dist/assets/inter-cyrillic-ext-wght-normal-BOeWTOD4.woff2   25.96 kB
dist/assets/inter-latin-wght-normal-Dx4kXJAl.woff2          48.25 kB
dist/assets/inter-latin-ext-wght-normal-DO1Apj_S.woff2      85.06 kB
dist/assets/index-K2SMLGr3.css                              35.43 kB │ gzip:   8.16 kB
dist/assets/workbox-window.prod.es5-Bd17z0YL.js              5.65 kB │ gzip:   2.20 kB
dist/assets/index-DB5sJ4yA.js                              399.03 kB │ gzip: 130.30 kB

✓ built in 262ms

PWA v2.0.0
mode      generateSW
precache  22 entries (668.86 KiB)
files generated
  dist/sw.js
  dist/workbox-9c191d2f.js
