
> form-workout@0.1.0 verify /Users/alexanderopalic/Projects/active/form-workout
> pnpm format:check && pnpm lint && pnpm build && pnpm test:unit && pnpm test:browser && pnpm test:e2e


> form-workout@0.1.0 format:check /Users/alexanderopalic/Projects/active/form-workout
> prettier --check src test *.ts *.json

Checking formatting...
All matched files use Prettier code style!

> form-workout@0.1.0 lint /Users/alexanderopalic/Projects/active/form-workout
> oxlint src test --deny-warnings


> form-workout@0.1.0 build /Users/alexanderopalic/Projects/active/form-workout
> vue-tsc --noEmit && vite build

vite v8.3.2 building client environment for production...
transforming...
✓ 2606 modules transformed.
rendering chunks...
computing gzip size...
dist/manifest.webmanifest                                    0.46 kB
dist/index.html                                              0.78 kB │ gzip:   0.44 kB
dist/assets/inter-vietnamese-wght-normal-CBcvBZtf.woff2     10.25 kB
dist/assets/inter-greek-ext-wght-normal-DlzME5K_.woff2      11.23 kB
dist/assets/inter-cyrillic-wght-normal-DqGufNeO.woff2       18.74 kB
dist/assets/inter-greek-wght-normal-CkhJZR-_.woff2          18.99 kB
dist/assets/inter-cyrillic-ext-wght-normal-BOeWTOD4.woff2   25.96 kB
dist/assets/inter-latin-wght-normal-Dx4kXJAl.woff2          48.25 kB
dist/assets/inter-latin-ext-wght-normal-DO1Apj_S.woff2      85.06 kB
dist/assets/index-CMjSDiSA.css                              35.40 kB │ gzip:   8.16 kB
dist/assets/workbox-window.prod.es5-Bd17z0YL.js              5.65 kB │ gzip:   2.20 kB
dist/assets/index-Rty7JhJw.js                              399.03 kB │ gzip: 130.30 kB

✓ built in 275ms

PWA v2.0.0
mode      generateSW
precache  22 entries (668.83 KiB)
files generated
  dist/sw.js
  dist/workbox-9c191d2f.js

> form-workout@0.1.0 test:unit /Users/alexanderopalic/Projects/active/form-workout
> vitest run --project unit


 RUN  v5.0.3 /Users/alexanderopalic/Projects/active/form-workout


 Test Files  1 passed (1)
      Tests  14 passed (14)
   Start at  18:41:59
   Duration  137ms (import 39%, transform 31%, tests 27%, worker 3%)


> form-workout@0.1.0 test:browser /Users/alexanderopalic/Projects/active/form-workout
> vitest run --project browser


 RUN  v5.0.3 /Users/alexanderopalic/Projects/active/form-workout


 Test Files  2 passed (2)
      Tests  12 passed (12)
   Start at  18:42:00
   Duration  1.43s (tests 46%, import 31%, worker 23%)


> form-workout@0.1.0 test:e2e /Users/alexanderopalic/Projects/active/form-workout
> bddgen && playwright test

[WebServer] (node:69898) Warning: The 'NO_COLOR' env is ignored due to the 'FORCE_COLOR' env being set.
[WebServer] (Use `node --trace-warnings ...` to show where the warning was created)
[WebServer] (node:69899) Warning: The 'NO_COLOR' env is ignored due to the 'FORCE_COLOR' env being set.
[WebServer] (Use `node --trace-warnings ...` to show where the warning was created)

Running 10 tests using 2 workers

(node:69905) Warning: The 'NO_COLOR' env is ignored due to the 'FORCE_COLOR' env being set.
(Use `node --trace-warnings ...` to show where the warning was created)
(node:69906) Warning: The 'NO_COLOR' env is ignored due to the 'FORCE_COLOR' env being set.
(Use `node --trace-warnings ...` to show where the warning was created)
  ✓   1 [chromium] › .test-generated/test/e2e/workout.feature.spec.js:6:3 › A private training journal › Log and recover a workout offline (1.1s)
  ✓   2 [mobile] › .test-generated/test/e2e/workout.feature.spec.js:6:3 › A private training journal › Log and recover a workout offline (1.3s)
  ✓   3 [chromium] › .test-generated/test/e2e/workout.feature.spec.js:14:3 › A private training journal › Make a routine and move a backup to a fresh browser (1.2s)
  ✓   4 [mobile] › .test-generated/test/e2e/workout.feature.spec.js:14:3 › A private training journal › Make a routine and move a backup to a fresh browser (1.3s)
  ✓   5 [chromium] › .test-generated/test/e2e/workout.feature.spec.js:21:3 › A private training journal › Discard a workout without inventing history (586ms)
  ✓   6 [mobile] › .test-generated/test/e2e/workout.feature.spec.js:21:3 › A private training journal › Discard a workout without inventing history (671ms)
  ✓   7 [chromium] › .test-generated/test/e2e/workout.feature.spec.js:27:3 › A private training journal › A stale draft cannot overwrite another tab (630ms)
  ✓   8 [mobile] › .test-generated/test/e2e/workout.feature.spec.js:27:3 › A private training journal › A stale draft cannot overwrite another tab (762ms)
  ✓   9 [chromium] › .test-generated/test/e2e/workout.feature.spec.js:33:3 › A private training journal › Train with a custom exercise entirely offline (873ms)
  ✓  10 [mobile] › .test-generated/test/e2e/workout.feature.spec.js:33:3 › A private training journal › Train with a custom exercise entirely offline (963ms)

  10 passed (5.8s)
